17
11
C
27
21
44
17
B3C857CB78E
565098775320146094861128
AAAAAA9ABCDB547FE
1512366072563232197635739977311798631